Sliding Window Attention is enabled but not implemented for `sdpa`; unexpected results may be encountered.
Loading checkpoint shards:   0%|          | 0/4 [00:00<?, ?it/s]Loading checkpoint shards:  25%|██▌       | 1/4 [00:03<00:11,  3.82s/it]Loading checkpoint shards:  50%|█████     | 2/4 [00:07<00:07,  3.92s/it]Loading checkpoint shards:  75%|███████▌  | 3/4 [00:11<00:03,  3.90s/it]Loading checkpoint shards: 100%|██████████| 4/4 [00:14<00:00,  3.43s/it]Loading checkpoint shards: 100%|██████████| 4/4 [00:14<00:00,  3.60s/it]
[0001/0180] group=U2 json_ok=True
[0002/0180] group=U2 json_ok=True
[0003/0180] group=U2 json_ok=True
[0004/0180] group=U2 json_ok=True
[0005/0180] group=U2 json_ok=True
[0006/0180] group=U2 json_ok=True
[0007/0180] group=U2 json_ok=True
[0008/0180] group=U2 json_ok=True
[0009/0180] group=U2 json_ok=True
[0010/0180] group=U2 json_ok=True
[0011/0180] group=U2 json_ok=True
[0012/0180] group=U2 json_ok=True
[0013/0180] group=U2 json_ok=True
[0014/0180] group=U2 json_ok=True
[0015/0180] group=U2 json_ok=True
[0016/0180] group=U2 json_ok=True
[0017/0180] group=U2 json_ok=True
[0018/0180] group=U2 json_ok=True
[0019/0180] group=U2 json_ok=True
[0020/0180] group=U2 json_ok=True
[0021/0180] group=U2 json_ok=True
[0022/0180] group=U2 json_ok=True
[0023/0180] group=U2 json_ok=True
[0024/0180] group=U2 json_ok=True
[0025/0180] group=U2 json_ok=True
[0026/0180] group=U2 json_ok=True
[0027/0180] group=U2 json_ok=True
[0028/0180] group=U2 json_ok=True
[0029/0180] group=U2 json_ok=True
[0030/0180] group=U2 json_ok=True
[0031/0180] group=U2 json_ok=True
[0032/0180] group=U2 json_ok=True
[0033/0180] group=U2 json_ok=True
[0034/0180] group=U2 json_ok=True
[0035/0180] group=U2 json_ok=True
[0036/0180] group=U2 json_ok=True
[0037/0180] group=U2 json_ok=True
[0038/0180] group=U2 json_ok=True
[0039/0180] group=U2 json_ok=True
[0040/0180] group=U2 json_ok=True
[0041/0180] group=U2 json_ok=True
[0042/0180] group=U2 json_ok=True
[0043/0180] group=U2 json_ok=True
[0044/0180] group=U2 json_ok=True
[0045/0180] group=U2 json_ok=True
[0046/0180] group=U2 json_ok=True
[0047/0180] group=U2 json_ok=True
[0048/0180] group=U2 json_ok=True
[0049/0180] group=U2 json_ok=True
[0050/0180] group=U2 json_ok=True
[0051/0180] group=U2 json_ok=True
[0052/0180] group=U2 json_ok=True
[0053/0180] group=U2 json_ok=True
[0054/0180] group=U2 json_ok=True
[0055/0180] group=U2 json_ok=True
[0056/0180] group=U2 json_ok=True
[0057/0180] group=U2 json_ok=True
[0058/0180] group=U2 json_ok=True
[0059/0180] group=U2 json_ok=True
[0060/0180] group=U2 json_ok=True
[0061/0180] group=U2 json_ok=True
[0062/0180] group=U2 json_ok=True
[0063/0180] group=U2 json_ok=True
[0064/0180] group=U2 json_ok=True
[0065/0180] group=U2 json_ok=True
[0066/0180] group=U2 json_ok=True
[0067/0180] group=U2 json_ok=True
[0068/0180] group=U2 json_ok=True
[0069/0180] group=U2 json_ok=True
[0070/0180] group=U2 json_ok=True
[0071/0180] group=U2 json_ok=True
[0072/0180] group=U2 json_ok=True
[0073/0180] group=U2 json_ok=True
[0074/0180] group=U2 json_ok=True
[0075/0180] group=U2 json_ok=True
[0076/0180] group=U2 json_ok=True
[0077/0180] group=U2 json_ok=True
[0078/0180] group=U2 json_ok=True
[0079/0180] group=U2 json_ok=True
[0080/0180] group=U2 json_ok=True
[0081/0180] group=U2 json_ok=True
[0082/0180] group=U2 json_ok=True
[0083/0180] group=U2 json_ok=True
[0084/0180] group=U2 json_ok=True
[0085/0180] group=U2 json_ok=True
[0086/0180] group=U2 json_ok=True
[0087/0180] group=U2 json_ok=True
[0088/0180] group=U2 json_ok=True
[0089/0180] group=U2 json_ok=True
[0090/0180] group=U2 json_ok=True
[0091/0180] group=U2 json_ok=True
[0092/0180] group=U2 json_ok=True
[0093/0180] group=U2 json_ok=True
[0094/0180] group=U2 json_ok=True
[0095/0180] group=U2 json_ok=True
[0096/0180] group=U2 json_ok=True
[0097/0180] group=U2 json_ok=True
[0098/0180] group=U2 json_ok=True
[0099/0180] group=U2 json_ok=True
[0100/0180] group=U2 json_ok=True
[0101/0180] group=U2 json_ok=True
[0102/0180] group=U2 json_ok=True
[0103/0180] group=U2 json_ok=True
[0104/0180] group=U2 json_ok=True
[0105/0180] group=U2 json_ok=True
[0106/0180] group=U2 json_ok=True
[0107/0180] group=U2 json_ok=True
[0108/0180] group=U2 json_ok=True
[0109/0180] group=U2 json_ok=True
[0110/0180] group=U2 json_ok=True
[0111/0180] group=U2 json_ok=True
[0112/0180] group=U2 json_ok=True
[0113/0180] group=U2 json_ok=True
[0114/0180] group=U2 json_ok=True
[0115/0180] group=U2 json_ok=True
[0116/0180] group=U2 json_ok=True
[0117/0180] group=U2 json_ok=True
[0118/0180] group=U2 json_ok=True
[0119/0180] group=U2 json_ok=True
[0120/0180] group=U2 json_ok=True
[0121/0180] group=U2 json_ok=True
[0122/0180] group=U2 json_ok=True
[0123/0180] group=U2 json_ok=True
[0124/0180] group=U2 json_ok=True
[0125/0180] group=U2 json_ok=True
[0126/0180] group=U2 json_ok=True
[0127/0180] group=U2 json_ok=True
[0128/0180] group=U2 json_ok=True
[0129/0180] group=U2 json_ok=True
[0130/0180] group=U2 json_ok=True
[0131/0180] group=U2 json_ok=True
[0132/0180] group=U2 json_ok=True
[0133/0180] group=U2 json_ok=True
[0134/0180] group=U2 json_ok=True
[0135/0180] group=U2 json_ok=True
[0136/0180] group=U2 json_ok=True
[0137/0180] group=U2 json_ok=True
[0138/0180] group=U2 json_ok=True
[0139/0180] group=U2 json_ok=True
[0140/0180] group=U2 json_ok=True
[0141/0180] group=U2 json_ok=True
[0142/0180] group=U2 json_ok=True
[0143/0180] group=U2 json_ok=True
[0144/0180] group=U2 json_ok=True
[0145/0180] group=U2 json_ok=True
[0146/0180] group=U2 json_ok=True
[0147/0180] group=U2 json_ok=True
[0148/0180] group=U2 json_ok=True
[0149/0180] group=U2 json_ok=True
[0150/0180] group=U2 json_ok=True
[0151/0180] group=U2 json_ok=True
[0152/0180] group=U2 json_ok=True
[0153/0180] group=U2 json_ok=True
[0154/0180] group=U2 json_ok=True
[0155/0180] group=U2 json_ok=True
[0156/0180] group=U2 json_ok=True
[0157/0180] group=U2 json_ok=True
[0158/0180] group=U2 json_ok=True
[0159/0180] group=U2 json_ok=True
[0160/0180] group=U2 json_ok=True
[0161/0180] group=U2 json_ok=True
[0162/0180] group=U2 json_ok=True
[0163/0180] group=U2 json_ok=True
[0164/0180] group=U2 json_ok=True
[0165/0180] group=U2 json_ok=True
[0166/0180] group=U2 json_ok=True
[0167/0180] group=U2 json_ok=True
[0168/0180] group=U2 json_ok=True
[0169/0180] group=U2 json_ok=True
[0170/0180] group=U2 json_ok=True
[0171/0180] group=U2 json_ok=True
[0172/0180] group=U2 json_ok=True
[0173/0180] group=U2 json_ok=True
[0174/0180] group=U2 json_ok=True
[0175/0180] group=U2 json_ok=True
[0176/0180] group=U2 json_ok=True
[0177/0180] group=U2 json_ok=True
[0178/0180] group=U2 json_ok=True
[0179/0180] group=U2 json_ok=True
[0180/0180] group=U2 json_ok=True

JSON valid rate: 100.0%
Predictions: results/understanding/finetune-U2-rerun.json
Chấm điểm bằng: scripts/score_understanding.py
