Sliding Window Attention is enabled but not implemented for `sdpa`; unexpected results may be encountered.
Loading checkpoint shards:   0%|          | 0/4 [00:00<?, ?it/s]Loading checkpoint shards:  25%|██▌       | 1/4 [00:03<00:09,  3.19s/it]Loading checkpoint shards:  50%|█████     | 2/4 [00:07<00:07,  3.58s/it]Loading checkpoint shards:  75%|███████▌  | 3/4 [00:10<00:03,  3.74s/it]Loading checkpoint shards: 100%|██████████| 4/4 [00:14<00:00,  3.49s/it]Loading checkpoint shards: 100%|██████████| 4/4 [00:14<00:00,  3.52s/it]
[0001/0720] group=U1 json_ok=True
[0002/0720] group=U1 json_ok=True
[0003/0720] group=U3 json_ok=True
[0004/0720] group=U2 json_ok=True
[0005/0720] group=U3 json_ok=True
[0006/0720] group=C1 json_ok=True
[0007/0720] group=U2 json_ok=True
[0008/0720] group=C1 json_ok=True
[0009/0720] group=U1 json_ok=True
[0010/0720] group=U3 json_ok=True
[0011/0720] group=U1 json_ok=True
[0012/0720] group=U3 json_ok=True
[0013/0720] group=C1 json_ok=True
[0014/0720] group=U1 json_ok=True
[0015/0720] group=U2 json_ok=True
[0016/0720] group=C1 json_ok=True
[0017/0720] group=C1 json_ok=True
[0018/0720] group=U1 json_ok=True
[0019/0720] group=U2 json_ok=True
[0020/0720] group=C1 json_ok=True
[0021/0720] group=U1 json_ok=True
[0022/0720] group=U3 json_ok=True
[0023/0720] group=U3 json_ok=True
[0024/0720] group=U2 json_ok=True
[0025/0720] group=U1 json_ok=True
[0026/0720] group=U3 json_ok=True
[0027/0720] group=C1 json_ok=True
[0028/0720] group=C1 json_ok=True
[0029/0720] group=U2 json_ok=True
[0030/0720] group=C1 json_ok=True
[0031/0720] group=C1 json_ok=True
[0032/0720] group=U3 json_ok=True
[0033/0720] group=C1 json_ok=True
[0034/0720] group=U2 json_ok=True
[0035/0720] group=C1 json_ok=True
[0036/0720] group=U1 json_ok=True
[0037/0720] group=U3 json_ok=False
[0038/0720] group=U2 json_ok=True
[0039/0720] group=U1 json_ok=True
[0040/0720] group=C1 json_ok=True
[0041/0720] group=U3 json_ok=True
[0042/0720] group=C1 json_ok=True
[0043/0720] group=U3 json_ok=True
[0044/0720] group=U3 json_ok=True
[0045/0720] group=U1 json_ok=True
[0046/0720] group=U2 json_ok=True
[0047/0720] group=U3 json_ok=True
[0048/0720] group=C1 json_ok=True
[0049/0720] group=U1 json_ok=True
[0050/0720] group=U3 json_ok=True
[0051/0720] group=U1 json_ok=True
[0052/0720] group=U2 json_ok=True
[0053/0720] group=U1 json_ok=True
[0054/0720] group=C1 json_ok=True
[0055/0720] group=U1 json_ok=True
[0056/0720] group=U3 json_ok=True
[0057/0720] group=C1 json_ok=True
[0058/0720] group=C1 json_ok=True
[0059/0720] group=U2 json_ok=True
[0060/0720] group=U3 json_ok=True
[0061/0720] group=U2 json_ok=True
[0062/0720] group=U2 json_ok=True
[0063/0720] group=U1 json_ok=True
[0064/0720] group=U2 json_ok=True
[0065/0720] group=U3 json_ok=True
[0066/0720] group=U2 json_ok=True
[0067/0720] group=U1 json_ok=True
[0068/0720] group=U2 json_ok=True
[0069/0720] group=U1 json_ok=True
[0070/0720] group=U3 json_ok=True
[0071/0720] group=U1 json_ok=True
[0072/0720] group=U3 json_ok=True
[0073/0720] group=U1 json_ok=True
[0074/0720] group=C1 json_ok=True
[0075/0720] group=U2 json_ok=True
[0076/0720] group=C1 json_ok=True
[0077/0720] group=U2 json_ok=True
[0078/0720] group=U3 json_ok=True
[0079/0720] group=U3 json_ok=True
[0080/0720] group=U1 json_ok=True
[0081/0720] group=U3 json_ok=True
[0082/0720] group=U3 json_ok=True
[0083/0720] group=U3 json_ok=True
[0084/0720] group=C1 json_ok=True
[0085/0720] group=U3 json_ok=True
[0086/0720] group=U2 json_ok=True
[0087/0720] group=C1 json_ok=True
[0088/0720] group=U3 json_ok=True
[0089/0720] group=U1 json_ok=True
[0090/0720] group=U1 json_ok=True
[0091/0720] group=U3 json_ok=True
[0092/0720] group=C1 json_ok=True
[0093/0720] group=C1 json_ok=True
[0094/0720] group=U2 json_ok=True
[0095/0720] group=C1 json_ok=True
[0096/0720] group=C1 json_ok=True
[0097/0720] group=C1 json_ok=True
[0098/0720] group=U1 json_ok=True
[0099/0720] group=C1 json_ok=True
[0100/0720] group=C1 json_ok=True
[0101/0720] group=C1 json_ok=True
[0102/0720] group=U1 json_ok=True
[0103/0720] group=U2 json_ok=True
[0104/0720] group=C1 json_ok=True
[0105/0720] group=U2 json_ok=True
[0106/0720] group=C1 json_ok=True
[0107/0720] group=C1 json_ok=True
[0108/0720] group=C1 json_ok=True
[0109/0720] group=U1 json_ok=True
[0110/0720] group=U3 json_ok=True
[0111/0720] group=U2 json_ok=True
[0112/0720] group=U1 json_ok=True
[0113/0720] group=U3 json_ok=True
[0114/0720] group=U2 json_ok=True
[0115/0720] group=U2 json_ok=True
[0116/0720] group=U1 json_ok=True
[0117/0720] group=U3 json_ok=False
[0118/0720] group=U1 json_ok=True
[0119/0720] group=U2 json_ok=True
[0120/0720] group=U2 json_ok=True
[0121/0720] group=C1 json_ok=True
[0122/0720] group=U2 json_ok=True
[0123/0720] group=U3 json_ok=True
[0124/0720] group=C1 json_ok=True
[0125/0720] group=U3 json_ok=True
[0126/0720] group=U1 json_ok=True
[0127/0720] group=U3 json_ok=True
[0128/0720] group=U1 json_ok=True
[0129/0720] group=C1 json_ok=True
[0130/0720] group=U1 json_ok=True
[0131/0720] group=U1 json_ok=True
[0132/0720] group=C1 json_ok=True
[0133/0720] group=U2 json_ok=True
[0134/0720] group=C1 json_ok=True
[0135/0720] group=C1 json_ok=True
[0136/0720] group=C1 json_ok=True
[0137/0720] group=U2 json_ok=True
[0138/0720] group=U3 json_ok=True
[0139/0720] group=C1 json_ok=True
[0140/0720] group=U1 json_ok=True
[0141/0720] group=U1 json_ok=True
[0142/0720] group=U1 json_ok=True
[0143/0720] group=U1 json_ok=True
[0144/0720] group=C1 json_ok=True
[0145/0720] group=U1 json_ok=True
[0146/0720] group=C1 json_ok=True
[0147/0720] group=C1 json_ok=True
[0148/0720] group=U1 json_ok=True
[0149/0720] group=U1 json_ok=True
[0150/0720] group=C1 json_ok=True
[0151/0720] group=C1 json_ok=True
[0152/0720] group=U3 json_ok=True
[0153/0720] group=U2 json_ok=True
[0154/0720] group=C1 json_ok=True
[0155/0720] group=C1 json_ok=True
[0156/0720] group=U2 json_ok=True
[0157/0720] group=U3 json_ok=True
[0158/0720] group=U2 json_ok=True
[0159/0720] group=U1 json_ok=True
[0160/0720] group=U2 json_ok=True
[0161/0720] group=C1 json_ok=True
[0162/0720] group=U2 json_ok=True
[0163/0720] group=U2 json_ok=True
[0164/0720] group=C1 json_ok=True
[0165/0720] group=C1 json_ok=True
[0166/0720] group=C1 json_ok=True
[0167/0720] group=U2 json_ok=True
[0168/0720] group=C1 json_ok=True
[0169/0720] group=U2 json_ok=True
[0170/0720] group=U2 json_ok=True
[0171/0720] group=U1 json_ok=True
[0172/0720] group=C1 json_ok=True
[0173/0720] group=U3 json_ok=True
[0174/0720] group=U3 json_ok=True
[0175/0720] group=U2 json_ok=True
[0176/0720] group=C1 json_ok=True
[0177/0720] group=U3 json_ok=True
[0178/0720] group=U1 json_ok=True
[0179/0720] group=U3 json_ok=True
[0180/0720] group=U2 json_ok=True
[0181/0720] group=C1 json_ok=True
[0182/0720] group=U1 json_ok=True
[0183/0720] group=C1 json_ok=True
[0184/0720] group=U2 json_ok=True
[0185/0720] group=C1 json_ok=True
[0186/0720] group=U2 json_ok=True
[0187/0720] group=C1 json_ok=True
[0188/0720] group=C1 json_ok=True
[0189/0720] group=C1 json_ok=True
[0190/0720] group=U3 json_ok=True
[0191/0720] group=U2 json_ok=True
[0192/0720] group=C1 json_ok=True
[0193/0720] group=U3 json_ok=True
[0194/0720] group=U2 json_ok=True
[0195/0720] group=U3 json_ok=True
[0196/0720] group=U1 json_ok=True
[0197/0720] group=U2 json_ok=True
[0198/0720] group=C1 json_ok=True
[0199/0720] group=U3 json_ok=True
[0200/0720] group=U3 json_ok=True
[0201/0720] group=U3 json_ok=True
[0202/0720] group=U3 json_ok=True
[0203/0720] group=U1 json_ok=True
[0204/0720] group=U2 json_ok=True
[0205/0720] group=C1 json_ok=True
[0206/0720] group=U1 json_ok=True
[0207/0720] group=C1 json_ok=True
[0208/0720] group=C1 json_ok=True
[0209/0720] group=U1 json_ok=True
[0210/0720] group=U3 json_ok=True
[0211/0720] group=U3 json_ok=True
[0212/0720] group=U1 json_ok=True
[0213/0720] group=U2 json_ok=True
[0214/0720] group=U1 json_ok=True
[0215/0720] group=U2 json_ok=True
[0216/0720] group=U3 json_ok=True
[0217/0720] group=C1 json_ok=True
[0218/0720] group=U3 json_ok=True
[0219/0720] group=C1 json_ok=True
[0220/0720] group=U2 json_ok=True
[0221/0720] group=U3 json_ok=True
[0222/0720] group=U3 json_ok=True
[0223/0720] group=U3 json_ok=True
[0224/0720] group=U1 json_ok=True
[0225/0720] group=U1 json_ok=True
[0226/0720] group=U3 json_ok=True
[0227/0720] group=U2 json_ok=True
[0228/0720] group=U3 json_ok=True
[0229/0720] group=U2 json_ok=True
[0230/0720] group=U3 json_ok=True
[0231/0720] group=U2 json_ok=True
[0232/0720] group=U2 json_ok=True
[0233/0720] group=U3 json_ok=True
[0234/0720] group=U1 json_ok=True
[0235/0720] group=C1 json_ok=True
[0236/0720] group=U1 json_ok=True
[0237/0720] group=U2 json_ok=True
[0238/0720] group=U1 json_ok=True
[0239/0720] group=U3 json_ok=True
[0240/0720] group=U2 json_ok=True
[0241/0720] group=U1 json_ok=True
[0242/0720] group=U1 json_ok=True
[0243/0720] group=U3 json_ok=True
[0244/0720] group=U2 json_ok=True
[0245/0720] group=U3 json_ok=True
[0246/0720] group=U2 json_ok=True
[0247/0720] group=U2 json_ok=True
[0248/0720] group=U2 json_ok=True
[0249/0720] group=U3 json_ok=True
[0250/0720] group=U1 json_ok=True
[0251/0720] group=U1 json_ok=True
[0252/0720] group=U3 json_ok=True
[0253/0720] group=U2 json_ok=True
[0254/0720] group=U3 json_ok=True
[0255/0720] group=C1 json_ok=True
[0256/0720] group=U2 json_ok=True
[0257/0720] group=C1 json_ok=True
[0258/0720] group=U2 json_ok=True
[0259/0720] group=C1 json_ok=True
[0260/0720] group=U2 json_ok=True
[0261/0720] group=U3 json_ok=True
[0262/0720] group=U2 json_ok=True
[0263/0720] group=C1 json_ok=True
[0264/0720] group=C1 json_ok=True
[0265/0720] group=U3 json_ok=True
[0266/0720] group=U3 json_ok=True
[0267/0720] group=U3 json_ok=True
[0268/0720] group=C1 json_ok=True
[0269/0720] group=U3 json_ok=True
[0270/0720] group=U3 json_ok=True
[0271/0720] group=U1 json_ok=True
[0272/0720] group=C1 json_ok=True
[0273/0720] group=U2 json_ok=True
[0274/0720] group=U1 json_ok=True
[0275/0720] group=U2 json_ok=True
[0276/0720] group=U1 json_ok=True
[0277/0720] group=U1 json_ok=True
[0278/0720] group=U2 json_ok=True
[0279/0720] group=U1 json_ok=True
[0280/0720] group=U2 json_ok=True
[0281/0720] group=U1 json_ok=True
[0282/0720] group=U2 json_ok=True
[0283/0720] group=U2 json_ok=True
[0284/0720] group=U1 json_ok=True
[0285/0720] group=U1 json_ok=True
[0286/0720] group=U1 json_ok=True
[0287/0720] group=U1 json_ok=True
[0288/0720] group=U3 json_ok=True
[0289/0720] group=U1 json_ok=True
[0290/0720] group=U2 json_ok=True
[0291/0720] group=U1 json_ok=True
[0292/0720] group=U3 json_ok=True
[0293/0720] group=U1 json_ok=True
[0294/0720] group=U1 json_ok=True
[0295/0720] group=U3 json_ok=True
[0296/0720] group=U1 json_ok=True
[0297/0720] group=C1 json_ok=True
[0298/0720] group=U2 json_ok=True
[0299/0720] group=U1 json_ok=True
[0300/0720] group=C1 json_ok=True
[0301/0720] group=U2 json_ok=True
[0302/0720] group=U3 json_ok=True
[0303/0720] group=U1 json_ok=True
[0304/0720] group=C1 json_ok=True
[0305/0720] group=U1 json_ok=True
[0306/0720] group=U3 json_ok=True
[0307/0720] group=C1 json_ok=True
[0308/0720] group=C1 json_ok=True
[0309/0720] group=C1 json_ok=True
[0310/0720] group=U2 json_ok=True
[0311/0720] group=U1 json_ok=True
[0312/0720] group=U2 json_ok=True
[0313/0720] group=C1 json_ok=True
[0314/0720] group=C1 json_ok=True
[0315/0720] group=U3 json_ok=True
[0316/0720] group=U2 json_ok=True
[0317/0720] group=U1 json_ok=True
[0318/0720] group=C1 json_ok=True
[0319/0720] group=C1 json_ok=True
[0320/0720] group=U3 json_ok=True
[0321/0720] group=U1 json_ok=True
[0322/0720] group=U3 json_ok=True
[0323/0720] group=U1 json_ok=True
[0324/0720] group=U3 json_ok=True
[0325/0720] group=U2 json_ok=True
[0326/0720] group=U3 json_ok=True
[0327/0720] group=U1 json_ok=True
[0328/0720] group=C1 json_ok=True
[0329/0720] group=U1 json_ok=True
[0330/0720] group=C1 json_ok=True
[0331/0720] group=U2 json_ok=True
[0332/0720] group=U3 json_ok=True
[0333/0720] group=U2 json_ok=True
[0334/0720] group=U2 json_ok=True
[0335/0720] group=U2 json_ok=True
[0336/0720] group=U1 json_ok=True
[0337/0720] group=U2 json_ok=True
[0338/0720] group=U1 json_ok=True
[0339/0720] group=U2 json_ok=True
[0340/0720] group=U1 json_ok=True
[0341/0720] group=U2 json_ok=True
[0342/0720] group=U2 json_ok=True
[0343/0720] group=C1 json_ok=True
[0344/0720] group=U1 json_ok=True
[0345/0720] group=U3 json_ok=True
[0346/0720] group=U1 json_ok=True
[0347/0720] group=U3 json_ok=True
[0348/0720] group=C1 json_ok=True
[0349/0720] group=U1 json_ok=True
[0350/0720] group=C1 json_ok=True
[0351/0720] group=U1 json_ok=True
[0352/0720] group=U2 json_ok=True
[0353/0720] group=U3 json_ok=True
[0354/0720] group=U2 json_ok=True
[0355/0720] group=U3 json_ok=True
[0356/0720] group=C1 json_ok=True
[0357/0720] group=U3 json_ok=True
[0358/0720] group=U1 json_ok=True
[0359/0720] group=C1 json_ok=True
[0360/0720] group=U1 json_ok=True
[0361/0720] group=U3 json_ok=True
[0362/0720] group=U1 json_ok=True
[0363/0720] group=U1 json_ok=True
[0364/0720] group=C1 json_ok=True
[0365/0720] group=U2 json_ok=True
[0366/0720] group=U3 json_ok=True
[0367/0720] group=U3 json_ok=True
[0368/0720] group=U3 json_ok=True
[0369/0720] group=C1 json_ok=True
[0370/0720] group=U2 json_ok=True
[0371/0720] group=U1 json_ok=True
[0372/0720] group=C1 json_ok=True
[0373/0720] group=U1 json_ok=True
[0374/0720] group=U2 json_ok=True
[0375/0720] group=U1 json_ok=True
[0376/0720] group=U1 json_ok=True
[0377/0720] group=U1 json_ok=True
[0378/0720] group=U2 json_ok=True
[0379/0720] group=U3 json_ok=True
[0380/0720] group=U3 json_ok=True
[0381/0720] group=U3 json_ok=True
[0382/0720] group=U3 json_ok=True
[0383/0720] group=C1 json_ok=True
[0384/0720] group=U1 json_ok=True
[0385/0720] group=U3 json_ok=True
[0386/0720] group=U2 json_ok=True
[0387/0720] group=U1 json_ok=True
[0388/0720] group=U2 json_ok=True
[0389/0720] group=U1 json_ok=True
[0390/0720] group=U2 json_ok=True
[0391/0720] group=C1 json_ok=True
[0392/0720] group=U1 json_ok=True
[0393/0720] group=C1 json_ok=True
[0394/0720] group=U2 json_ok=True
[0395/0720] group=U3 json_ok=True
[0396/0720] group=U1 json_ok=True
[0397/0720] group=U3 json_ok=True
[0398/0720] group=U3 json_ok=True
[0399/0720] group=U3 json_ok=True
[0400/0720] group=C1 json_ok=True
[0401/0720] group=U1 json_ok=True
[0402/0720] group=C1 json_ok=True
[0403/0720] group=U2 json_ok=True
[0404/0720] group=C1 json_ok=True
[0405/0720] group=U3 json_ok=True
[0406/0720] group=U2 json_ok=True
[0407/0720] group=U2 json_ok=True
[0408/0720] group=C1 json_ok=True
[0409/0720] group=U2 json_ok=True
[0410/0720] group=U1 json_ok=True
[0411/0720] group=U2 json_ok=True
[0412/0720] group=U3 json_ok=True
[0413/0720] group=U2 json_ok=True
[0414/0720] group=C1 json_ok=True
[0415/0720] group=U2 json_ok=True
[0416/0720] group=C1 json_ok=True
[0417/0720] group=C1 json_ok=True
[0418/0720] group=U2 json_ok=True
[0419/0720] group=U1 json_ok=True
[0420/0720] group=U2 json_ok=True
[0421/0720] group=U1 json_ok=True
[0422/0720] group=U1 json_ok=True
[0423/0720] group=U2 json_ok=True
[0424/0720] group=U3 json_ok=True
[0425/0720] group=U2 json_ok=True
[0426/0720] group=C1 json_ok=True
[0427/0720] group=U1 json_ok=True
[0428/0720] group=U3 json_ok=True
[0429/0720] group=U2 json_ok=True
[0430/0720] group=U3 json_ok=True
[0431/0720] group=U3 json_ok=True
[0432/0720] group=C1 json_ok=True
[0433/0720] group=U2 json_ok=True
[0434/0720] group=U3 json_ok=True
[0435/0720] group=U1 json_ok=True
[0436/0720] group=U3 json_ok=True
[0437/0720] group=U1 json_ok=True
[0438/0720] group=C1 json_ok=True
[0439/0720] group=U1 json_ok=True
[0440/0720] group=U1 json_ok=True
[0441/0720] group=U2 json_ok=True
[0442/0720] group=U3 json_ok=True
[0443/0720] group=U2 json_ok=True
[0444/0720] group=U1 json_ok=True
[0445/0720] group=U2 json_ok=True
[0446/0720] group=U2 json_ok=True
[0447/0720] group=U3 json_ok=True
[0448/0720] group=U2 json_ok=True
[0449/0720] group=U2 json_ok=True
[0450/0720] group=U3 json_ok=True
[0451/0720] group=C1 json_ok=True
[0452/0720] group=U1 json_ok=True
[0453/0720] group=U3 json_ok=True
[0454/0720] group=C1 json_ok=True
[0455/0720] group=U1 json_ok=True
[0456/0720] group=C1 json_ok=True
[0457/0720] group=U3 json_ok=True
[0458/0720] group=C1 json_ok=True
[0459/0720] group=U2 json_ok=True
[0460/0720] group=U1 json_ok=True
[0461/0720] group=U3 json_ok=True
[0462/0720] group=U2 json_ok=True
[0463/0720] group=C1 json_ok=True
[0464/0720] group=U3 json_ok=True
[0465/0720] group=U3 json_ok=True
[0466/0720] group=U2 json_ok=True
[0467/0720] group=C1 json_ok=True
[0468/0720] group=U2 json_ok=True
[0469/0720] group=U3 json_ok=True
[0470/0720] group=U1 json_ok=True
[0471/0720] group=U2 json_ok=True
[0472/0720] group=U2 json_ok=True
[0473/0720] group=U3 json_ok=True
[0474/0720] group=U1 json_ok=True
[0475/0720] group=U3 json_ok=True
[0476/0720] group=U2 json_ok=True
[0477/0720] group=U3 json_ok=True
[0478/0720] group=U2 json_ok=True
[0479/0720] group=U2 json_ok=True
[0480/0720] group=C1 json_ok=True
[0481/0720] group=U2 json_ok=True
[0482/0720] group=C1 json_ok=True
[0483/0720] group=U1 json_ok=True
[0484/0720] group=U1 json_ok=True
[0485/0720] group=U3 json_ok=True
[0486/0720] group=U2 json_ok=True
[0487/0720] group=C1 json_ok=True
[0488/0720] group=U1 json_ok=True
[0489/0720] group=U1 json_ok=True
[0490/0720] group=U1 json_ok=True
[0491/0720] group=U2 json_ok=True
[0492/0720] group=U3 json_ok=True
[0493/0720] group=U3 json_ok=False
[0494/0720] group=U3 json_ok=True
[0495/0720] group=U1 json_ok=True
[0496/0720] group=U3 json_ok=True
[0497/0720] group=U1 json_ok=True
[0498/0720] group=U3 json_ok=True
[0499/0720] group=U3 json_ok=True
[0500/0720] group=U3 json_ok=True
[0501/0720] group=U3 json_ok=True
[0502/0720] group=U1 json_ok=True
[0503/0720] group=U2 json_ok=True
[0504/0720] group=U2 json_ok=True
[0505/0720] group=C1 json_ok=True
[0506/0720] group=U2 json_ok=True
[0507/0720] group=U2 json_ok=True
[0508/0720] group=U2 json_ok=True
[0509/0720] group=U3 json_ok=True
[0510/0720] group=U1 json_ok=True
[0511/0720] group=U1 json_ok=True
[0512/0720] group=C1 json_ok=True
[0513/0720] group=U1 json_ok=True
[0514/0720] group=U3 json_ok=True
[0515/0720] group=U2 json_ok=True
[0516/0720] group=C1 json_ok=True
[0517/0720] group=U2 json_ok=True
[0518/0720] group=U1 json_ok=True
[0519/0720] group=U2 json_ok=True
[0520/0720] group=U3 json_ok=True
[0521/0720] group=C1 json_ok=True
[0522/0720] group=C1 json_ok=True
[0523/0720] group=U1 json_ok=True
[0524/0720] group=U2 json_ok=True
[0525/0720] group=U2 json_ok=True
[0526/0720] group=U3 json_ok=True
[0527/0720] group=U2 json_ok=True
[0528/0720] group=C1 json_ok=True
[0529/0720] group=U3 json_ok=True
[0530/0720] group=U1 json_ok=True
[0531/0720] group=C1 json_ok=True
[0532/0720] group=C1 json_ok=True
[0533/0720] group=U1 json_ok=True
[0534/0720] group=U2 json_ok=True
[0535/0720] group=U1 json_ok=True
[0536/0720] group=C1 json_ok=True
[0537/0720] group=U1 json_ok=True
[0538/0720] group=C1 json_ok=True
[0539/0720] group=U3 json_ok=True
[0540/0720] group=C1 json_ok=True
[0541/0720] group=U2 json_ok=True
[0542/0720] group=C1 json_ok=True
[0543/0720] group=C1 json_ok=True
[0544/0720] group=U1 json_ok=True
[0545/0720] group=C1 json_ok=True
[0546/0720] group=U1 json_ok=True
[0547/0720] group=U3 json_ok=True
[0548/0720] group=U2 json_ok=True
[0549/0720] group=C1 json_ok=True
[0550/0720] group=C1 json_ok=True
[0551/0720] group=U2 json_ok=True
[0552/0720] group=U3 json_ok=True
[0553/0720] group=C1 json_ok=True
[0554/0720] group=U1 json_ok=True
[0555/0720] group=U3 json_ok=True
[0556/0720] group=U1 json_ok=True
[0557/0720] group=U3 json_ok=True
[0558/0720] group=U1 json_ok=True
[0559/0720] group=U3 json_ok=True
[0560/0720] group=U1 json_ok=True
[0561/0720] group=C1 json_ok=True
[0562/0720] group=U1 json_ok=True
[0563/0720] group=U2 json_ok=True
[0564/0720] group=C1 json_ok=True
[0565/0720] group=U2 json_ok=True
[0566/0720] group=U1 json_ok=True
[0567/0720] group=U2 json_ok=True
[0568/0720] group=U2 json_ok=True
[0569/0720] group=U2 json_ok=True
[0570/0720] group=U1 json_ok=True
[0571/0720] group=U2 json_ok=True
[0572/0720] group=U1 json_ok=True
[0573/0720] group=U2 json_ok=True
[0574/0720] group=C1 json_ok=True
[0575/0720] group=U2 json_ok=True
[0576/0720] group=C1 json_ok=True
[0577/0720] group=U3 json_ok=True
[0578/0720] group=U1 json_ok=True
[0579/0720] group=C1 json_ok=True
[0580/0720] group=U2 json_ok=True
[0581/0720] group=C1 json_ok=True
[0582/0720] group=U2 json_ok=True
[0583/0720] group=U2 json_ok=True
[0584/0720] group=U1 json_ok=True
[0585/0720] group=U1 json_ok=True
[0586/0720] group=C1 json_ok=True
[0587/0720] group=U1 json_ok=True
[0588/0720] group=U1 json_ok=True
[0589/0720] group=U1 json_ok=True
[0590/0720] group=C1 json_ok=True
[0591/0720] group=U1 json_ok=True
[0592/0720] group=U3 json_ok=True
[0593/0720] group=U1 json_ok=True
[0594/0720] group=U1 json_ok=True
[0595/0720] group=C1 json_ok=True
[0596/0720] group=U1 json_ok=True
[0597/0720] group=U2 json_ok=True
[0598/0720] group=U1 json_ok=True
[0599/0720] group=U3 json_ok=True
[0600/0720] group=C1 json_ok=True
[0601/0720] group=U1 json_ok=True
[0602/0720] group=C1 json_ok=True
[0603/0720] group=U2 json_ok=True
[0604/0720] group=C1 json_ok=True
[0605/0720] group=U2 json_ok=True
[0606/0720] group=U3 json_ok=True
[0607/0720] group=U1 json_ok=True
[0608/0720] group=C1 json_ok=True
[0609/0720] group=C1 json_ok=True
[0610/0720] group=U3 json_ok=True
[0611/0720] group=U2 json_ok=True
[0612/0720] group=C1 json_ok=True
[0613/0720] group=U2 json_ok=True
[0614/0720] group=U3 json_ok=True
[0615/0720] group=U2 json_ok=True
[0616/0720] group=U2 json_ok=True
[0617/0720] group=C1 json_ok=True
[0618/0720] group=U3 json_ok=True
[0619/0720] group=C1 json_ok=True
[0620/0720] group=C1 json_ok=True
[0621/0720] group=C1 json_ok=True
[0622/0720] group=U3 json_ok=True
[0623/0720] group=C1 json_ok=True
[0624/0720] group=U2 json_ok=True
[0625/0720] group=C1 json_ok=True
[0626/0720] group=U3 json_ok=True
[0627/0720] group=C1 json_ok=True
[0628/0720] group=U2 json_ok=True
[0629/0720] group=U3 json_ok=True
[0630/0720] group=U1 json_ok=True
[0631/0720] group=U3 json_ok=True
[0632/0720] group=U1 json_ok=True
[0633/0720] group=C1 json_ok=True
[0634/0720] group=C1 json_ok=True
[0635/0720] group=U3 json_ok=True
[0636/0720] group=U1 json_ok=True
[0637/0720] group=C1 json_ok=True
[0638/0720] group=U1 json_ok=True
[0639/0720] group=U2 json_ok=True
[0640/0720] group=U2 json_ok=True
[0641/0720] group=U3 json_ok=True
[0642/0720] group=U1 json_ok=True
[0643/0720] group=U2 json_ok=True
[0644/0720] group=C1 json_ok=True
[0645/0720] group=U2 json_ok=True
[0646/0720] group=C1 json_ok=True
[0647/0720] group=U3 json_ok=True
[0648/0720] group=C1 json_ok=True
[0649/0720] group=C1 json_ok=True
[0650/0720] group=U1 json_ok=True
[0651/0720] group=U3 json_ok=True
[0652/0720] group=U2 json_ok=True
[0653/0720] group=U3 json_ok=True
[0654/0720] group=U3 json_ok=True
[0655/0720] group=U3 json_ok=True
[0656/0720] group=U1 json_ok=True
[0657/0720] group=U2 json_ok=True
[0658/0720] group=U3 json_ok=True
[0659/0720] group=U2 json_ok=True
[0660/0720] group=U3 json_ok=True
[0661/0720] group=U3 json_ok=True
[0662/0720] group=C1 json_ok=True
[0663/0720] group=C1 json_ok=True
[0664/0720] group=C1 json_ok=True
[0665/0720] group=U1 json_ok=True
[0666/0720] group=U1 json_ok=True
[0667/0720] group=U3 json_ok=True
[0668/0720] group=U3 json_ok=True
[0669/0720] group=U3 json_ok=True
[0670/0720] group=U1 json_ok=True
[0671/0720] group=U3 json_ok=True
[0672/0720] group=U2 json_ok=True
[0673/0720] group=U2 json_ok=True
[0674/0720] group=U1 json_ok=True
[0675/0720] group=U3 json_ok=True
[0676/0720] group=U2 json_ok=True
[0677/0720] group=U3 json_ok=True
[0678/0720] group=U2 json_ok=True
[0679/0720] group=C1 json_ok=True
[0680/0720] group=U1 json_ok=True
[0681/0720] group=U3 json_ok=True
[0682/0720] group=C1 json_ok=True
[0683/0720] group=U1 json_ok=True
[0684/0720] group=C1 json_ok=True
[0685/0720] group=U3 json_ok=True
[0686/0720] group=U1 json_ok=True
[0687/0720] group=U2 json_ok=True
[0688/0720] group=C1 json_ok=True
[0689/0720] group=U1 json_ok=True
[0690/0720] group=U1 json_ok=True
[0691/0720] group=U1 json_ok=True
[0692/0720] group=U3 json_ok=True
[0693/0720] group=U2 json_ok=True
[0694/0720] group=C1 json_ok=True
[0695/0720] group=U2 json_ok=True
[0696/0720] group=U3 json_ok=True
[0697/0720] group=U3 json_ok=True
[0698/0720] group=U3 json_ok=True
[0699/0720] group=C1 json_ok=True
[0700/0720] group=U1 json_ok=True
[0701/0720] group=U3 json_ok=True
[0702/0720] group=U3 json_ok=True
[0703/0720] group=C1 json_ok=True
[0704/0720] group=C1 json_ok=True
[0705/0720] group=U3 json_ok=True
[0706/0720] group=U2 json_ok=True
[0707/0720] group=C1 json_ok=True
[0708/0720] group=U3 json_ok=True
[0709/0720] group=U3 json_ok=True
[0710/0720] group=C1 json_ok=True
[0711/0720] group=U2 json_ok=True
[0712/0720] group=U1 json_ok=True
[0713/0720] group=U2 json_ok=True
[0714/0720] group=U3 json_ok=True
[0715/0720] group=U2 json_ok=True
[0716/0720] group=U3 json_ok=True
[0717/0720] group=C1 json_ok=True
[0718/0720] group=U1 json_ok=True
[0719/0720] group=U3 json_ok=True
[0720/0720] group=C1 json_ok=True

JSON valid rate: 99.6%
Predictions: results/understanding/finetune-predictions.json
Chấm điểm bằng: scripts/score_understanding.py
